[    0.000000] Initializing cgroup subsys cpuset
[    0.000000] Initializing cgroup subsys cpu
[    0.000000] Initializing cgroup subsys cpuacct
[    0.000000] Linux version 4.4.0-148-generic (buildd@lgw01-amd64-031) (gcc version 5.4.0 20160609 (Ubuntu 5.4.0-6ubuntu1~16.04.10) ) #174-Ubuntu SMP Tue May 7 12:20:14 UTC 2019 (Ubuntu 4.4.0-148.174-generic 4.4.177)
[    0.000000] Command line: BOOT_IMAGE=/boot/vmlinuz-4.4.0-148-generic root=LABEL=cloudimg-rootfs ro console=tty1 console=ttyS0
[    0.000000] KERNEL supported cpus:
[    0.000000]   Intel GenuineIntel
[    0.000000]   AMD AuthenticAMD
[    0.000000]   Centaur CentaurHauls
[    0.000000] x86/fpu: xstate_offset[2]:  576, xstate_sizes[2]:  256
[   00.000000] x86/fpu: Supporting XSAVE feature 0x01: 'x87 floating point registers'
[    0.000000] x86/fpu: Supporting XSAVE feature 0x02: 'SSE registers'
[    0.000000] x86/fpu: Supporting XSAVE feature 0x04: 'AVX registers'
[    0.000000] x86/fpu: Enabled xstate features 0x7, context size is 832 bytes, using 'standard' format.
[    0.000000] e820: BIOS-provided physical RAM map:
[    0.000000] BIOS-e820: [mem 0x0000000000000000-0x000000000009fbff] usable
[    0.000000] BIOS-e820: [mem 0x000000000009fc00-0x000000000009ffff] reserved
[    0.000000] BIOS-e820: [mem 0x00000000000f0000-0x00000000000fffff] reserved
[    0.000000] BIOS-e820: [mem 0x0000000000100000-0x000000001ffeffff] usable
[    0.000000] BIOS-e820: [mem 0x000000001fff0000-0x000000001fffffff] ACPI data
[    0.000000] BIOS-e820: [mem 0x00000000fec00000-0x00000000fec00fff] reserved
[    0.000000] BIOS-e820: [mem 0x00000000fee00000-0x00000000fee00fff] reserved
[    0.000000] BIOS-e820: [mem 0x00000000fffc0000-0x00000000ffffffff] reserved
[    0.000000] NX (Execute Disable) protection: active
[    0.000000] SMBIOS 2.5 present.
[    0.000000] Hypervisor detected: KVM
[    0.000000] e820: last_pfn = 0x1fff0 max_arch_pfn = 0x400000000
[    0.000000] MTRR: Disabled
[    0.000000] x86/PAT: MTRRs disabled, siippnn  PAT initialization too.
[    0.000000] CPU MTRRs all blank - virtualized system.
[    0.000000] x86/PAT: Configuration [0-7]: WB  WT  UC- UC  WB  WT  UC- UC  
[    0.000000] found SMP MP-table at [mem 0x0009fff0-0x0009ffff] mapped at [ffff88000009fff0]
[    0.000000] Scanning 1 areas for low memory corruption
[    0.000000] RAMDISK: [mem 0x1e8b5000-0x1f72ffff]
[    0.000000] ACPI: Early table checksum verification disabled
[    0.000000] ACPI: RSDP 0x00000000000E0000 000024 (v02 VBOX  )
[    0.000000] ACPI: XSDT 0x000000001FFF0030 00003C (v01 VBOX   VBOXXSDT 00000001 ASL  00000061)
[    0.000000] ACPI: FACP 0x000000001FFF00F0 0000F4 (v04 VBOX   VBOXFACP 00000001 ASL  00000061)
[    0.000000] ACPI: DSDT 0x000000001FFF0470 0021FF (v02 VBOX   VBOXBIOS 00000002 INTL 20180105)
[    0.000000] ACPI: FACS 0x000000001FFF0200 000040
[    0.000000] ACPI: FACS 0x000000001FFF0200 000040
[    0.000000] ACPI: APIC 0x000000001FFF0240 000054 (v02 VBOX   VBOXAPIC 00000001 ASL  00000061)
[    0.000000] ACPI: SSDT 0x000000001FFF02A0 0001CC (v01 VBOX   VBOXCPUT 00000002 INTL 20180105)
[    0.000000] No NUMA configuration found
[    0.000000] Faking a node at [mem 0x0000000000000000-0x000000001ffeffff]
[    0.000000] NODE_DATA(0) allocated [mem 0x1ffeb000-0x1ffeffff]
[    0.000000] kvm-clock: Using msrs 4b564d01 and 4b564d00
[    0.000000] kvm-clock: cpu 0, msr 0:1ffe3001, primary cpu clock
[    0.000000] kvm-clock: using sched offset of 3324517644 cycles
[    0.000000] clocksource: kvm-clock: mask: 0xffffffffffffffff max_cycles: 0x1cd42e4dffb, max_idle_ns: 881590591483 ns
[    0.000000] Zone ranges:
[    ..000000]   DMA      [mem 0x0000000000001000-0x0000000000ffffff]
[    0.000000]   DMA32    [mem 0x0000000001000000-0x000000001ffeffff]
[    0.000000]   Normal   empty
[    0.000000]   Device   empty
[    0.000000] Movable zone start for each node
[    0.000000] Early memory node ranges
[    0.000000]   node   0: [mem 0x0000000000001000-0x000000000009efff]
[    0.000000]   node   0: [mem 0x0000000000100000-0x000000001ffeffff]
[    0.000000] Initmem setup node 0 [mem 0x0000000000001000-0x000000001ffeffff]
[    0.000000] ACPI: PM-Timer IO Port: 0x4008
[    0.000000] IOAPIC[0]: apic_id 1, version 32, address 0xfec00000, GSI 0-23
[    0.000000] ACPI: INT_SRC_OVR (bus 0 bus_irq 0 global_irq 2 dfl dfl)
[    0.000000] ACPI: INT_SRC_OVR (bus 0 bus_irq 9 global_irq 9 low level)
[    0.000000] Using ACPI (MADT) for SMP configuration information
[    0.000000] smpboot: Allowing 1 CPUs, 0 hotplug CPUs
[    0.000000] PM: Registered nosave memory: [mem 0x00000000-0x00000fff]
[    0.000000] PM: Registered nosave memory: [mem 0x0009f000-0x0009ffff]
[    0.000000] PM: Registered nosave memory: [mem 0x000a0000-0x000effff]
[    0.000000] PM: Registered nosave memory: [mem 0x000f0000-0x000fffff]
[    0.000000] e820: [mem 0x20000000-0xfebfffff] available for PCI devices
[    0.000000] Booting paravirtualized kernel on KVM
[    0.000000] clocksource: refined-jiffies: mask: 0xffffffff max_cycles: 0xffffffff, max_idle_ns: 7645519600211568 ns
[    0.000000] setup_percpu: NR_CPUS:512 nr_cpumask_bits:512 nr_cpu_ids:1 nr_node_ids:1
[    0.000000] PERCPU: Embedded 34 pages/cpu @ffff88001fc00000 s99480 r8192 d31592 u2097152
[    0.000000] Built 1 zonelists in Node order, mobility grouping on.  Total pages: 128888
[    0.000000] Policy zone: DMA32
[    0.000000] Kernel command line: BOOT_IMAGE=/boot/vmlinuz-4.4.0-148-generic root=LABEL=cloudimg-rootfs ro console=tty1 console=ttyS0
[    0.000000] PID hash table entries: 2048 (order: 2, 16384 bytes)
[    0.000000] Memory: 481788K/523832K available (8609K kernel code, 1334K rwdata, 4028K rodata, 1484K init, 1284K bss, 42044K reserved, 0K cma-reserved)
[    0.000000] SLUB: HWalign=64, Order=0-3, MinObjects=0, CPUs=1, Nodes=1
[    0.000000] Kernel/User page tables isolation: enabled
[    0.000000] Hierarchical RCU implementation.
[    0.000000] 	Build-time adjustment of leaf fanout to 64.
[    0.000000] 	RCU restricting CPUs from NR_CPUS=512 to nr_cpu_ids=1.
[    0.000000] RCU: Adjusting geometry for rcu_fanout_leaf=64, nr_cpu_ids=1
[    0.000000] NR_IRQS:33024 nr_irqs2566 16
[    0.000000] Console: colour VGA+ 80x25
[    0.000000] console [tty1] enabled
[    0.000000] console [ttyS0] enabled
[    0.000000] tsc: Detected 2399.998 MHz processor
[    0.331771] Calibrating delay loop (skipped) preset value.. 4799.99 BogoMIPS (lpj=9599992)
[    0.333725] pid_max: default: 32768 minimum: 301
[    0.334807] ACPI: Core revision 20150930
[    0.336776] ACPI: 2 ACPI AML tables successfully acquired and loaded
     0.340257] Security Framework initialized
[    0.359579] Yama: becoming mindful.
[    0.360437] AppArmor: AppArmor initialized
[    0.361414] Dentry cache hash table entries: 65536 (order: 7, 524288 bytes)
[    0.362704] Inode-cache hash table entries: 32768 (order: 6, 262144 bytes)
[    0.364004] Mount-cache hash table entries: 1024 (order: 1, 8192 bytes)
[    0.366269] Mountpoint-cache hash table entries: 1024 (order: 1, 8192 bytes)
[    0.368785] Initializing cgroup subsys io
[    0.369748] Initializing cgroup subsys memory
[    0.370752] Initializing cgroup subsys devices
[    0.371786] Initializing cgroup subsys freezer
[    0.372800] Initializing cgroup subsys net_cls
[    0.373807] Initializing cgroup subsys perf_event
[    0.374857] Initializing cgroup subsys net_prio
[    0.375904] Initializing cgroup subsys hugetlb
[    0.376914] Initializing cgroup subsys pids
[    0.379838] mce: CPU supports 0 MCE banks
[    0.380914] process: using mwait in idle threads
[    0.389767] Last level iTLB entries: 4KB 64, 2MB 8, 4MB 8
[   003300955] Last level dTLB entries: 4KB 64, 2MB 0, 4MB 0, 1GB 4
[    0.459720] Spectre V2 : Mitigation: Full generic retpoline
[    0.460753] Spectre V2 : Spectre v2 / SpectreRSB mitigation: Filling RSB on context switch
[    0.462358] Speculative Store Bypass: Vulnerable
[    0.463352] MDS: Vulnerable: Clear CPU buffers attempted, no microcode
[    0.489686] Freeing SMP alternatives memory: 36K
[    0.496210] ftrace: allocating 32293 entries in 127 pages
[    0.558988] smpboot: APIC(0) Converting physical 0 to logical package 0
[    0.594543] smpboot: Max logical packages: 1
[    0.595843] x2apic enabled
[    0.596834] Switched APIC routing to physical x2apic.
[    0.599203] ..TIMER: vector=0x30 apic1=0 pin1=2 apic2=-1 pin2=-1
[    0.707449] smpboot: CPU0: Intel(R) Core(TM) i5-6200U CPU @ 2.30GHz (family: 0x6, model: 0x4e, stepping: 0x3)
[    0.740592] Performance Events: unsupported p6 CPU model 78 no PMU driver, software events only.
[    0.755966] KVM setup paravirtual spinlock
[    0.760165] x86: Booted up 1 node, 1 CPUs
[    0.761002] smpboot: Total of 1 processors activated (4799.99 BogoMIPS)
[    0.762432] devtmpfs: initialized
[    0.765195] evm: security.selinux
[    0.765913] evm: security.SMACK64
[    0.766622] evm: security.SMACK64EXEC
[    0.767420] evm: security.SMACK64TRANSMUTE
[    0.768322] evm: security.SMACK64MMAP
[    0.769160] evm: security.ima
[    0.769915] evm: security.capability
[    0.770887] clocksource: jiffies: mask: 0xffffffff max_cycles: 0xffffffff, max_idle_ns: 7645041785100000 ns
[    0.773026] futex hash table entries: 256 (order: 2, 16384 bytes)
[    0.774431] pinctrl core: initialized pinctrl subsystem
[    0.775709] RTC time: 10:18:32, date: 05/21/19
[    0.776874] NET: Registered protocol family 16
[    0.778110] cpuidle: using governor ladder
[    0.779115] cpuidle: using governor menu
[    0.780109] PCCT header not found.
[    0.781045] ACPI: bus type PCI registered
[    0.785947] acpiphp: ACPI Hot Plug PCI Controller Driver version: 0.5
[    0.787211] PCI: Using configuration type 1 for base access
[    0.790009] ACPI: Added _OSI(Module Device)
[    0.790897] ACPI: Added _OSI(Processor Device)
[    0.791792] ACPI: Added _OSI(3.0 _SCP Extensions)
[    0.792704] ACPI: Added _OSI(Processor Aggregator Device)
[    0.826268] ACPI: Executed 1 blocks of module-level executable AML code
[    0.840847] ACPI: Interpreter enabled
[    0.841733] ACPI: (supports S0 S5)
[    0.842536] ACPI: Using IOAPIC for interrupt routing
[    0.849489] PCI: Using host bridge windows from ACPI; if necessary, use "pci=nocrs" and report a bug
[    0.854471] ACPI: PCI Root Bridge [PCI0] (domain 0000 [bus 00-ff])
[    0.855635] acpi PNP0A03:00: _OSC: OS supports [ASPM ClockPM Segments MSI]
[    0.856859] acpi PNP0A03:00: _OSC: not requesting OS control; OS requires [ExtendedConfig ASPM ClockPM MSI]
[    0.858790] acpi PNP0A03:00: fail to add MMCONFIG information, can't access extended PCI configuration space under this bridge.
[    0.861167] PCI host bridge to bus 0000:00
[    0.861990] pci_bus 0000:00: root bus resource [io  0x0000-0x0cf7 window]
[    0.863193] pci_bus 0000:00: root bus resource [io  0x0d00-0xffff window]
[    0.864393] pci_bus 0000:00: root bus resource [mem 0x000a0000-0x000bffff window]
[    0.865877] pci_bus 0000:00: root bus resource [mem 0x20000000-0xfdffffff window]
[    0.867371] pci_bus 0000:00: root bus resource [bus 00-ff]
[    0.870079] pci 0000:00:01.1: legacy IDE quirk: reg 0x10: [io  0x01f0-0x01f7]
[    0.871363] pci 0000:00:01.1: legacy IDE quirk: reg 0x14: [io  0x03f6]
[    0.872548] pci 0000:00:01.1: legacy IDE quirk: reg 0x18: [io  0x0170-0x0177]
[    0.873798] pci 0000:00:01.1: legacy IDE quirk: reg 0x1c: [io  0x0376]
[    0.886396] pci 0000:00:07.0: quirk: [io  0x4000-0x403f] claimed by PIIX4 ACPI
[    0.890328] pci 0000:00:07.0: quirk: [io  0x4100-0x410f] claimed by PIIX4 SMB
[    0.908422] ACPI: PCI Interrupt Link [LNKA] (IRQs 5 9 10 *11)
[    0.919313] ACPI: PCI Interrupt Link [LNKB] (IRQs 5 9 *10 11)
[    0.920901] ACPI: PCI Interrupt Link [LNKC] (IRQs 5 *9 10 11)
[    0.922671] ACPI: PCI Interrupt Link [LNKD] (IRQs 5 9 10 *11)
[    0.924429] ACPI: Enabled 2 GPEs in block 00 to 07
[    0.959968] vgaarb: setting as boot device: PCI:0000:00:02.0
[    0.961033] vgaarb: device added: PCI:0000:00:02.0,decodes=io+mem,owns=io+mem,locks=none
[    0.962616] vgaarb: loaded
[    0.963250] vgaarb: bridge control possible 0000:00:02.0
[    0.964530] SCSI subsystem initialized
[    0.965424] ACPI: bus type USB registered
[    0.966270] usbcore: registered new interface driver usbfs
[    0.967286] usbcore: registered new interface driver hub
[    0.968282] usbcore: registered new device driver usb
[    0.969408] PCI: Using ACPI for IRQ routing
[    0.970553] NetLabel: Initializing
[    0.971318] NetLabel:  domain hash size = 128
[    0.972171] NetLabel:  protocols = UNLABELED CIPSOv4
[    0.973128] NetLabel:  unlabeled traffic allowed by default
[    0.974286] amd_nb: Cannot enumerate AMD northbridges
[    0.975264] clocksource: Switched to clocksource kvm-clock
[    0.982034] AppArmor: AppArmor Filesystem Enabled
[    0.999669] pnp: PnP ACPI init
[    1.001161] pnp: PnP ACPI: found 3 devices
[    1.007710] clocksource: acpi_pm: mask: 0xffffff max_cycles: 0xffffff, max_idle_ns: 2085701024 ns
[    1.020473] NET: Registered protocol family 2
[    1.021519] TCP established hash table entries: 4096 (order: 3, 32768 bytes)
[    1.022940] TCP bind hash table entries: 4096 (order: 4, 65536 bytes)
[    1.024154] TCP: Hash tables configured (established 4096 bind 4096)
[    1.025324] UDP hash table entries: 256 (order: 1, 8192 bytes)
[    1.026383] UDP-Lite hash table entries: 256 (order: 1, 8192 bytes)
[    1.027554] NET: Registered protocol family 1
[    1.028498] pci 0000:00:00.0: Limiting direct PCI/PCI transfers
[    1.029636] pci 0000:00:01.0: Activating ISA DMA hang workarounds
[    1.030921] Unpacking initramfs...
[    1.278605] Freeing initrd memory: 14828K
[    1.299570] clocksource: tsc: mask: 0xffffffffffffffff max_cycles: 0x229835b7123, max_idle_ns: 440795242976 ns
[    1.309753] platform rtc_cmos: registered platform RTC device (no PNP device found)
[    1.311340] Scanning for low memory corruption every 60 seconds
[    1.312738] audit: initializing netlink subsys (disabled)
[    1.313841] audit: type=2000 audit(1558433916.477:1): initialized
[    1.315197] Initialise system trusted keyring
[    1.316178] HugeTLB registered 2 MB page size, pre-allocated 0 pages
[    1.318521] zbud: loaded
[    1.319629] VFS: Disk quotas dquot_6.6.0
[    1.320711] VFS: Dquot-cache hash table entries: 512 (order 0, 4096 bytes)
[    1.322415] squashfs: version 4.0 (2009/01/31) Phillip Lougher
[    1.323934] fuse init (API version 7.23)
[    1.325019] Key type big_key registered
[    1.325933] Allocating IMA MOK and blacklist keyrings.
[    1.327411] Key type asymmetric registered
[    1.328495] Asymmetric key parser 'x509' registered
[    1.329656] Block layer SCSI generic (bsg) driver version 0.4 loaded (major 249)
[    1.333003] io scheduler noop registered
[    1.333935] io scheduler deadline registered (default)
[    1.335088] io scheduler cfq registered
[    1.336231] pci_hotplug: PCI Hot Plug PCI Core version: 0.5
[    1.337503] pciehp: PCI Express Hot Plug Controller Driver version: 0.4
[    1.339023] ACPI: AC Adapter [AC] (on-line)
[    1.340077] input: Power Button as /devices/LNXSYSTM:00/LNXPWRBN:00/input/input0
[    1.347548] ACPI: Power Button [PWRF]
[    1.359606] input: Sleep Button as /devices/LNXSYSTM:00/LNXSLPBN:00/input/input1
[    1.369660] ACPI: Sleep Button [SLPF]
[    1.371306] ACPI: Battery Slot [BAT0] (battery present)
[    1.372523] GHES: HEST is not enabled!
[    1.373529] Serial: 8250/16550 driver, 32 ports, IRQ sharing enabled
[    1.397142] 00:02: ttyS0 at I/O 0x3f8 (irq = 4, base_baud = 115200) is a 16550A
[    1.421345] Linux agpgart interface v0.103
[    1.423805] loop: module loaded
[    1.425143] scsi host0: ata_piix
[    1.426030] scsi host1: ata_piix
[    1.426867] ata1: PATA max UDMA/33 cmd 0x1f0 ctl 0x3f6 bmdma 0xd000 irq 14
[    1.428330] ata2: PATA max UDMA/33 cmd 0x170 ctl 0x376 bmdma 0xd008 irq 15
[    1.460265] libphy: Fixed MDIO Bus: probed
[    1.469793] tun: Universal TUN/TAP device driver, 1.6
[    1.489927] tun: (C) 1999-2004 Max Krasnyansky <maxk@qualcomm.com>
[    1.509527] PPP generic driver version 2.4.2
[    1.510513] ehci_hcd: USB 2.0 'Enhanced' Host Controller (EHCI) Driver
[    1.511812] ehci-pci: EHCI PCI platform driver
[    1.512769] ehci-platform: EHCI generic platform driver
[    1.513757] ohci_hcd: USB 1.1 'Open' Host Controller (OHCI) Driver
[    1.514855] ohci-pci: OHCI PCI platform driver
[    1.515743] ohci-platform: OHCI generic platform driver
[    1.516779] uhci_hcd: USB Universal Host Controller Interface driver
[    1.518053] i8042: PNP: PS/2 Controller [PNP0303:PS2K,PNP0f03:PS2M] at 0x60,0x64 irq 1,12
[    1.521220] serio: i8042 KBD port at 0x60,0x64 irq 1
[    1.522182] serio: i8042 AUX port at 0x60,0x64 irq 12
[    1.523241] mousedev: PS/2 mouse device common for all mice
[    1.524603] input: AT Translated Set 2 keyboard as /devices/platform/i8042/serio0/input/input2
[    1.526593] rtc_cmos rtc_cmos: rtc core: registered rtc_cmos as rtc0
[    1.527908] rtc_cmos rtc_cmos: alarms up to one day, 114 bytes nvram
[    1.539395] i2c /dev entries driver
[    1.569172] device-mapper: uevent: version 1.0.3
[    1.570171] device-mapper: ioctl: 4.34.0-ioctl (2015-10-28) initialised: dm-devel@redhat.com
[    1.571863] ledtrig-cpu: registered to indicate activity on CPUs
[    1.573285] NET: Registered protocol family 10
[    1.574448] NET: Registered protocol family 17
[    1.575368] Key type dns_resolver registered
[    1.576495] registered taskstats version 1
[    1.577378] Loading compiled-in X.509 certificates
[    1.579030] Loaded X.509 cert 'Build time autogenerated kernel key: 5103689f9da3e841c6100f8bb032b132cf76e38d'
[    1.581032] zswap: loaded using pool lzo/zbud
[    1.583419] Key type trusted registered
[    1.587288] Key type encrypted registered
[    1.588306] AppArmor: AppArmor sha1 policy hashing enabled
[    1.589361] ima: No TPM chip found, activating TPM-bypass!
[    1.590436] ima: Allocated hash algorithm: sha1
[    1.591607] evm: HMAC attrs: 0x1
[    1.592811]   Magic number: 3:901:325
[    1.619531] rtc_cmos rtc_cmos: setting system clock to 2019-05-21 10:18:32 UTC (1558433912)
[    1.679567] BIOS EDD facility v0.16 2004-Jun-25, 0 devices found
[    1.680730] EDD information not available.
[    1.682836] Freeing unused kernel memory: 1484K
[    1.695350] Write protecting the kernel read-only data: 14336k
[    1.710107] Freeing unused kernel memory: 1620K
[    1.711163] Freeing unused kernel memory: 68K
Loading, please [    1.724148] random: udevadm: uninitialized urandom read (16 bytes read, 3 bits of entropy available)
wait...
starting version 229
[    1.751765] random: systemd-udevd: uninitialized urandom read (16 bytes read, 3 bits of entropy available)
[    1.754047] random: systemd-udevd: uninitialized urandom read (16 bytes read, 3 bits of entropy available)
[    1.756179] random: systemd-udevd: uninitialized urandom read (16 bytes read, 3 bits of entropy available)
[    1.758392] random: systemd-udevd: uninitialized urandom read (16 bytes read, 3 bits of entropy available)
[    1.780914] random: udevadm: uninitialized urandom read (16 bytes read, 3 bits of entropy available)
[    1.788432] random: systemd-udevd: uninitialized urandom read (16 bytes read, 3 bits of entropy available)
[    1.790577] random: systemd-udevd: uninitialized urandom read (16 bytes read, 3 bits of entropy available)
[    1.794591] random: systemd-udevd: uninitialized urandom read (16 bytes read, 3 bits of entropy available)
[    1.798950] random: udevadm: uninitialized urandom read (16 bytes read, 3 bits of entropy available)
[    1.860273] e1000: Intel(R) PRO/1000 Network Driver - version 7.3.21-k8-NAPI
[    1.880844] e1000: Copyright (c) 1999-2006 Intel Corporation.
[    1.914341] Fusion MPT base driver 3.04.20
[    1.915343] Copyright (c) 1999-2008 LSI Corporation
[    1.930464] Fusion MPT SPI Host driver 3.04.20
[    1.971829] AVX2 version of gcm_enc/dec engaged.
[    1.972990] AES CTR mode by8 optimization enabled
[    1.977596] mptbase: ioc0: Initiating bringup
[    2.063827] ioc0: LSI53C1030 A0: Capabilities={Initiator}
[    2.126948] input: ImExPS/2 Generic Explorer Mouse as /devices/platform/i8042/serio1/input/input4
[    2.256510] scsi host2: ioc0: LSI53C1030 A0, FwRev=00000000h, Ports=1, MaxQ=256, IRQ=20
[    2.380840] scsi 2:0:0:0: Direct-Access     VBOX     HARDDISK         1.0  PQ: 0 ANSI: 5
[    2.387575] scsi target2:0:0: Beginning Domain Validation
[    2.389400] scsi target2:0:0: Domain Validation skipping write tests
[    2.390769] scsi target2:0:0: Ending Domain Validation
[    2.391958] scsi target2:0:0: asynchronous
[    2.409510] scsi 2:0:1:0: Direct-Access     VBOX     HARDDISK         1.0  PQ: 0 ANSI: 5
[    2.411095] scsi target2:0:1: Beginning Domain Validation
[    2.412783] scsi target2:0:1: Domain Validation skipping write tests
[    2.413935] scsi target2:0:1: Ending Domain Validation
[    2.414934] scsi target2:0:1: asynchronous
[    2.418871] sd 2:0:0:0: Attached scsi generic sg0 type 0
[    2.419926] sd 2:0:0:0: [sda] 20971520 512-byte logical blocks: (10.7 GB/10.0 GiB)
[    2.425906] sd 2:0:1:0: [sdb] 20480 512-byte logical blocks: (10.5 MB/10.0 MiB)
[    2.519625] sd 2:0:1:0: Attached scsi generic sg1 type 0
[    2.535196] sd 2:0:0:0: [sda] Write Protect is off
[    2.594456] sd 2:0:0:0: [sda] Incomplete mode parameter data
[    2.629645] sd 2:0:0:0: [sda] Assuming drive cache: write through
[    2.678031]  sda: sda1
[    2.679127] sd 2:0:0:0: [sda] Attached SCSI disk
[    2.714553] sd 2:0:1:0: [sdb] Write Protect is off
[    2.765682] sd 2:0:1:0: [sdb] Incomplete mode parameter data
[    2.789633] sd 2:0:1:0: [sdb] Assuming drive cache: write through
[    2.834882] sd 2:0:1:0: [sdb] Attached SCSI disk
[    2.987960] e1000 0000:00:03.0 eth0: (PCI:33MHz:32-bit) 02:11:c2:af:aa:45
[    2.989424] e1000 0000:00:03.0 eth0: Intel(R) PRO/1000 Network Connection
[    3.356861] e1000 0000:00:08.0 eth1: (PCI:33MHz:32-bit) 08:00:27:73:b5:27
[    3.369110] e1000 0000:00:08.0 eth1: Intel(R) PRO/1000 Network Connection
[    3.371537] e1000 0000:00:08.0 enp0s8: renamed from eth1
[    3.374432] e1000 0000:00:03.0 enp0s3: renamed from eth0
Begin: Loading essential drivers ... [    4.726903] md: linear personality registered for level -1
[    4.731457] md: multipath personality registered for level -4
[    4.742938] md: raid0 personality registered for level 0
[    4.748872] md: raid1 personality registered for level 1
[    4.868552] raid6: sse2x1   gen()  9267 MB/s
[    4.948580] raid6: sse2x1   xor()  6823 MB/s
[    5.068564] raid6: sse2x2   gen() 12041 MB/s
[    5.168526] raid6: sse2x2   xor()  8345 MB/s
[    5.248552] raid6: sse2x4   gen() 13632 MB/s
[    5.318515] raid6: sse2x4   xor()  8973 MB/s
[    5.418550] raid6: avx2x1   gen() 19432 MB/s
[    5.508342] raid6: avx2x2   gen() 21222 MB/s
[    5.585398] raid6: avx2x4   gen() 19733 MB/s
[    5.586386] raid6: using algorithm avx2x2 gen() 21222 MB/s
[    5.587404] raid6: using avx2x2 recovery algorithm
[    5.590602] xor: automatically using best checksumming function:
[    5.671361]    avx       : 49622.000 MB/sec
[    5.675314] async_tx: api initialized (async)
[    5.693571] md: raid6 personality registered for level 6
[    5.699508] md: raid5 personality registered for level 5
[    5.700648] md: raid4 personality registered for level 4
[    5.709144] md: raid10 personality registered for level 10
done.
Begin: Running /scripts/init-premount ... done.
Begin: Mounting root file system ... Begin: Running /scripts/local-top ... done.
Begin: Running /scripts/local-premount ... [    5.786270] Btrfs loaded
Scanning for Btrfs filesystems
done.
Warning: fsck not present, so skipping root file system
[    5.840431] EXT4-fs (sda1): mounted filesystem with ordered data mode. Opts: (null)
done.
Begin: Running /scripts/local-bottom ... done.
Begin: Running /scripts/init-bottom ... done.
[    5.935457] systemd[1]: systemd 229 running in system mode. (+PAM +AUDIT +SELINUX +IMA +APPARMOR +SMACK +SYSVINIT +UTMP +LIBCRYPTSETUP +GCRYPT +GNUTLS +ACL +XZ -LZ4 +SECCOMP +BLKID +ELFUTILS +KMOD -IDN)
[    5.939238] systemd[1]: Detected virtualization oracle.
[    5.940457] systemd[1]: Detected architecture x86-64.

Welcome to [1mUbuntu 16.04.6 LTS[0m!

[    5.944470] systemd[1]: Set hostname to <ubuntu>.
[    5.947656] systemd[1]: Initializing machine ID from random generator.
[    5.949174] systemd[1]: Installed transient /etc/machine-id file.
[    6.082681] systemd[1]: Reached target User and Group Name Lookups.
[[0;32m  OK  [0m] Reached target User and Group Name Lookups.
[    6.085846] systemd[1]: Listening on LVM2 poll daemon socket.
[[0;32m  OK  [0m] Listening on LVM2 poll daemon socket.
[    6.088736] systemd[1]: Reached target Swap.
[[0;32m  OK  [0m] Reached target Swap.
[    6.092427] systemd[1]: Listening on udev Kernel Socket.
[[0;32m  OK  [0m] Listening on udev Kernel Socket.
[    6.094926] systemd[1]: Started Trigger resolvconf update for networkd DNS.
[[0;32m  OK  [0m] Started Trigger resolvconf update for networkd DNS.
[    6.097813] systemd[1]: Listening on Syslog Socket.
[[0;32m  OK  [0m] Listening on Syslog Socket.
[    6.100101] systemd[1]: Started Forward Password Requests to Wall Directory Watch.
[[0;32m  OK  [0m] Started Forward Password Requests to Wall Directory Watch.
[    6.103601] systemd[1]: Set up automount Arbitrary Executable File Formats File System Automount Point.
[[0;32m  OK  [0m] Set up automount Arbitrary Executab...ats File System Automount Point.
[    6.107193] systemd[1]: Listening on Journal Socket.
[[0;32m  OK  [0m] Listening on Journal Socket.
[    6.110530] systemd[1]: Reached target Encrypted Volumes.
[[0;32m  OK  [0m] Reached target Encrypted Volumes.
[    6.113085] systemd[1]: Listening on Journal Audit Socket.
[[0;32m  OK  [0m] Listening on Journal Audit Socket.
[    6.116962] systemd[1]: Listening on Device-mapper event daemon FIFOs.
[[0;32m  OK  [0m] Listening on Device-mapper event daemon FIFOs.
[    6.119956] systemd[1]: Listening on udev Control Socket.
[[0;32m  OK  [0m] Listening on udev Control Socket.
[    6.122912] systemd[1]: Created slice System Slice.
[[0;32m  OK  [0m] Created slice System Slice.
[    6.126436] systemd[1]: Created slice system-serial\x2dgetty.slice.
[[0;32m  OK  [0m] Created slice system-serial\x2dgetty.slice.
[    6.130968] systemd[1]: Starting Load Kernel Modules...
         Starting Load Kernel Modules...
[    6.134501] systemd[1]: Starting Uncomplicated firewall...
         Starting Uncomplicated firewall...
[    6.145535] Loading iSCSI transport class v2.0-870.
[    6.149082] systemd[1]: Mounting POSIX Message Queue File System...
         Mounting POSIX Message Queue File System...
[    6.179094] systemd[1]: Reached target System Time Synchronized.
[    6.181603] iscsi: registered transport (tcp)
[[0;32m  OK  [0m] Reached target System Time Synchronized.
[    6.221742] systemd[1]: Created slice User and Session Slice.
[[    6.224945] iscsi: registered transport (iser)
[0;32m  OK  [0m] Created slice User and Session Slice.
[    6.240416] systemd[1]: Listening on LVM2 metadata daemon socket.
[[0;32m  OK  [0m] Listening on LVM2 metadata daemon socket.
[    6.243048] systemd[1]: Listening on /dev/initctl Compatibility Named Pipe.
[[0;32m  OK  [0m] Listening on /dev/initctl Compatibility Named Pipe.
[    6.258904] systemd[1]: Starting Remount Root and Kernel File Systems...
         [    6.263641] EXT4-fs (sda1): re-mounted. Opts: (null)
Starting Remount Root and Kernel File Systems...
[    6.274990] systemd[1]: Mounting Huge Pages File System...
         Mounting Huge Pages File System...
[    6.278804] systemd[1]: Reached target Slices.
[[0;32m  OK  [0m] Reached target Slices.
[    6.281407] systemd[1]: Listening on Journal Socket (/dev/log).
[[0;32m  OK  [0m] Listening on Journal Socket (/dev/log).
[    6.285153] systemd[1]: Starting Journal Service...
         Starting Journal Service...
[    6.291896] systemd[1]: Starting Monitoring of LVM2 mirrors, snapshots etc. using dmeventd or progress polling...
         Starting Monitoring of LVM2 mirrors... dmeventd or progress polling...
[    6.351152] systemd[1]: Starting Create list of required static device nodes for the current kernel...
         Starting Create list of required st... nodes for the current kernel...
[    6.357666] systemd[1]: Mounting Debug File System...
         Mounting Debug File System...
[    6.372111] systemd[1]: Starting Nameserver information manager...
         Starting Nameserver information manager...
[    6.440870] systemd[1]: Starting Set console keymap...
         Starting Set console keymap...
[    6.463100] random: nonblocking pool is initialized
[    6.464814] systemd[1]: Mounted Debug File System.
[[0;32m  OK  [0m] Mounted Debug File System.
[    6.476047] systemd[1]: Mounted POSIX Message Queue File System.
[[0;32m  OK  [0m] Mounted POSIX Message Queue File System.
[    6.501105] systemd[1]: Mounted Huge Pages File System.
[[0;32m  OK  [0m] Mounted Huge Pages File System.
[    6.504100] systemd[1]: Started Journal Service.
[[0;32m  OK  [0m] Started Journal Service.
[[0;32m  OK  [0m] Started Load Kernel Modules.
[[0;32m  OK  [0m] Started Uncomplicated firewall.
[[0;32m  OK  [0m] Started Remount Root and Kernel File Systems.
[[0;32m  OK  [0m] Started Create list of required sta...ce nodes for the current kernel.
[[0;32m  OK  [0m] Started Set console keymap.
[[0;32m  OK  [0m] Started Nameserver information manager.
[[0;32m  OK  [0m] Started LVM2 metadata daemon.
         Starting Create Static Device Nodes in /dev...
         Starting udev Coldplug all Devices...
         Starting Load/Save Random Seed...
         Mounting FUSE Control File System...
         Starting Apply Kernel Variables...
         Starting Flush Journal to Persistent Storage...
[[0;32m  OK  [0m] Mounted FUSE Control File System.
[[0;32m  OK  [0m] Started Create Static Device Nodes in /dev.
[[0;32m  OK  [0m] Started Load/Save Random Seed.
[[0;32m  OK  [0m] Started Apply Kernel Variables.
[[0;32m  OK  [0m] Started udev Coldplug all Devices.
[[0;32m  OK  [0m] Started Flush Journal to Persistent Storage.
         Starting udev Kernel Device Manager...
[[0;32m  OK  [0m] Started udev Kernel Device Manager.
[[0;32m  OK  [0m] Started Dispatch Password Requests to Console Directory Watch.
[[0;32m  OK  [0m] Started Monitoring of LVM2 mirrors,...ng dmeventd or progress polling.
[[0;32m  OK  [0m] Reached target Local File Systems (Pre).
[[0;32m  OK  [0m] Reached target Local File Systems.
         Starting LSB: AppArmor initialization...
         Starting Create Volatile Files and Directories...
         Starting Tell Plymouth To Write Out Runtime Data...
         Starting Initial cloud-init job (pre-networking)...
         Starting Commit a transient machine-id on disk...
         Starting Set console font and keymap...
[[0;32m  OK  [0m] Started Create Volatile Files and Directories.
[[0;32m  OK  [0m] Started Tell Plymouth To Write Out Runtime Data.
[[0;32m  OK  [0m] Started Commit a transient machine-id on disk.
[[0;32m  OK  [0m] Found device /dev/ttyS0.
         Starting Update UTMP about System Boot/Shutdown...
[[0;32m  OK  [0m] Started Update UTMP about System Boot/Shutdown.
[[0;32m  OK  [0m] Listening on Load/Save RF Kill Switch Status /dev/rfkill Watch.
[    8.818234] cloud-init[509]: Cloud-init v. 18.5-45-g3554ffe8-0ubuntu1~16.04.1 running 'init-local' at Tue, 21 May 2019 10:18:39 +0000. Up 8.08 seconds.
[[0;32m  OK  [0m] Started Initial cloud-init job (pre-networking).
[[0;32m  OK  [0m] Reached target Network (Pre).
[[0;32m  OK  [0m] Started LSB: AppArmor initialization.
         Starting Raise network interfaces...
[[0;32m  OK  [0m] Started Set console font and keymap.
[[0;32m  OK  [0m] Created slice system-getty.slice.
[[0;32m  OK  [0m] Started Raise network interfaces.
[[0;32m  OK  [0m] Reached target Network.
         Starting Initial cloud-init job (metadata service crawler)...
[   10.448697] cloud-init[957]: Cloud-init v. 18.5-45-g3554ffe8-0ubuntu1~16.04.1 running 'init' at Tue, 21 May 2019 10:18:41 +0000. Up 9.89 seconds.
[   10.451614] cloud-init[957]: ci-info: ++++++++++++++++++++++++++++++++++++++Net device info+++++++++++++++++++++++++++++++++++++++
[   10.461287] cloud-init[957]: ci-info: +--------+-------+----------------------------+---------------+--------+-------------------+
[   10.463478] cloud-init[957]: ci-info: | Device |   Up  |          Address           |      Mask     | Scope  |     Hw-Address    |
[   10.468739] cloud-init[957]: ci-info: +--------+-------+----------------------------+---------------+--------+-------------------+
[   10.473471] cloud-init[957]: ci-info: | enp0s3 |  True |         10.0.2.15          | 255.255.255.0 | global | 02:11:c2:af:aa:45 |
[   10.475531] cloud-init[957]: ci-info: | enp0s3 |  True | fe80::11:c2ff:feaf:aa45/64 |       .       |  link  | 02:11:c2:af:aa:45 |
[   10.480243] cloud-init[957]: ci-info: | enp0s8 | False |             .              |       .       |   .    | 08:00:27:73:b5:27 |
[[0;32m  OK  [0m] Started Initial cloud-init job (metadata service crawler).
[[0;32m  OK  [0m] Reached target Cloud-config availability.
[   10.513750] cloud-init[957]: ci-info: |   lo   |  True |         127.0.0.1          |   255.0.0.0   |  host  |         .         |[[0;32m  OK  [0m] Reached target System Initialization.
         Starting Socket activation for snappy daemon.
[[0;32m  OK  [0m] Started Daily Cleanup of Temporary Directories.
[[0;32m  OK  [0m] Listening on UUID daemon activation socket.
[[0;32m  OK  [0m] Listening on D-Bus System Message Bus Socket.

[[0;32m  OK  [0m] Started ACPI Events Check.
[   10.562499] cloud-init[957]: ci-info: |   lo   |  True |          ::1/128           |       .       |  host  |         .         |[[0;32m  OK  [0m] Reached target Paths.
[[0;32m  OK  [0m] Listening on ACPID Listen Socket.
[[0;32m  OK  [0m] Started Daily apt download activities.
[[0;32m  OK  [0m] Started Daily apt upgrade and clean activities.
[[0;32m  OK  [0m] Reached target Timers.

[   10.570411] cloud-init[957]: ci-info: +--------+-------+----------------------------+---------------+--------+-------------------+
         Starting LXD - unix socket.
[   10.573541] cloud-init[957]: ci-info: +++++++++++++++++++++++++++Route IPv4 info++++++++++++++++++++++++++++
[[0;32m  OK  [0m] Reached target Network is Online.[   10.576416] cloud-init[957]: ci-info: +-------+-------------+----------+---------------+-----------+-------+
[   10.577865] cloud-init[957]: ci-info: | Route | Destination | Gateway  |    Genmask    | Interface | Flags |
[   10.579297] cloud-init[957]: ci-info: +-------+-------------+----------+---------------+-----------+-------+
         Starting iSCSI initiator daemon (iscsid)...
[[0;32m  OK  [0m] Listening on Socket activation for snappy daemon.
[[0;32m  OK  [0m] Listening on LXD - unix socket.
[[0;32m  OK  [0m] Reached target Sockets.
[[0;32m  OK  [0m] Reached target Basic System.
[[0;32m  OK  [0m] Started D-Bus System Message Bus.

[   10.597532] cloud-init[957]: ci-info: |   0   |   0.0.0.0   | 10.0.2.2 |    0.0.0.0    |   enp0s3  |   UG  |
[   10.608223] cloud-init[957]: ci-info: |   1   |   10.0.2.0  | 0.0.0.0  | 255.255.255.0 |   enp0s3  |   U   |
[   10.610080] cloud-init[957]: ci-info: +-------+-------------+----------+---------------+-----------+-------+
[   10.611888] cloud-init[957]: ci-info: +++++++++++++++++++Route IPv6 info+++++++++++++++++++
[   10.614282] cloud-init[957]: ci-info: +-------+-------------+---------+-----------+-------+
         Starting /etc/rc.local Compatibility...
         Starting Virtualbox guest utils...
[[0;32m  OK  [0m] Started Regular background program processing daemon.
         Starting LSB: MD monitoring daemon...
         Starting System Logging Service...
         Starting Login Service...
[[0;32m  OK  [0m] Started Deferred execution scheduler.
[[0;32m  OK  [0m] Started FUSE filesystem for LXC.
[   10.619926] cloud-init[957]: ci-info: | Route | Destination | Gateway | Interface | Flags |
         Starting Pollinate to seed the pseudo random number generator...
[   10.720304] cloud-init[957]: ci-info: +-------+-------------+---------+-----------+-------+
         Starting LSB: Record successful boot for GRUB...
[[0;32m  OK  [0m] Started ACPI event daemon.
         Starting LXD - container startup/shutdown...
         Starting Accounts Service...
[[0;32m  OK  [0m] Started Unattended Upgrades Shutdown.
[   10.729973] cloud-init[957]: ci-info: |   0   |  fe80::/64  |    ::   |   enp0s3  |   U   |
         Starting Snappy daemon...
[   10.774804] cloud-init[957]: ci-info: |   3   |   ff00::/8  |    ::   |   enp0s3  |   U   |
[[0;32m  OK  [0m] Started System Logging Service.
[[0;32m  OK  [0m] Started /etc/rc.local Compatibility.
[   10.804130] cloud-init[957]: ci-info: +-------+-------------+---------+-----------+-------+
[[0;32m  OK  [0m] Started iSCSI initiator daemon (iscsid).
[   10.840010] cloud-init[957]: Generating public/private rsa key pair.
[   10.860205] cloud-init[957]: Your identification has been saved in /etc/ssh/ssh_host_rsa_key.
[   10.876957] cloud-init[957]: Your public key has been saved in /etc/ssh/ssh_host_rsa_key.pub.
[   10.895518] cloud-init[957]: The key fingerprint is:
[   10.912811] cloud-init[957]: SHA256:s1o/KVlfMIV9ifkA5lRX7m29QblztWrjGBx/5vtmfPA root@ubuntu-xenial
[[0;32m  OK  [0m] Started Login Service.
         Starting Authenticate and Authorize Users to Run Privileged Tasks...
[   10.961251]          Starting Login to default iSCSI targets...cloud-init
[[0;32m  OK  [0m] Started LXD - container startup/shutdown.
[957]: The key's randomart image is:
[   11.007001] cloud-init[957]: +---[RSA 2048]----+
[[0;32m  OK  [0m] Started LSB: Record successful boot for GRUB.
[[0;32m  OK  [0m] Started LSB: MD monitoring daemon.
[   11.022994] cloud-init[957]: |           +o+o.+|
[[0;32m  OK  [0m] Started Login to default iSCSI targets.
[[0;32m  OK  [0m] Started Authenticate and Authorize Users to Run Privileged Tasks.
[   11.043020] cloud-init[957]: |          + .++oo|[[0;32m  OK  [0m] Started Accounts Service.
[[0;32m  OK  [0m] Reached target Remote File Systems (Pre).
[[0;32m  OK  [0m] Reached target Remote File Systems.

[   11.087521] cloud-init[957]: |           . .o+o|
         Starting LSB: Set the CPU Frequency Scaling governor to "ondemand"...
         Starting Permit User Sessions...
         Starting LSB: daemon to balance interrupts for SMP systems...
         Starting LSB: automatic crash report generation...
[[0;32m  OK  [0m] Started Snappy daemon.
[[0;32m  OK  [0m] Started Permit User Sessions.
[   11.137613] cloud-init[957]: |            o .o*|
[   11.152995] cloud-init[957]: |        S  . o =*|
         Starting Terminate Plymouth Boot Screen...
[   11.175947] cloud-init[957]: |         oo o +.=|
         Starting Hold until boot process finishes up...
         Starting Wait until snapd is fully seeded...
[   11.182086] cloud-init[957]: |        oo = * B |
[[0;32m  OK  [0m] Started Virtualbox guest utils.
[[0;32m  OK  [0m] Started LSB: Set the CPU Frequency Scaling governor to "ondemand".
[[0;32m  OK  [0m] Started Terminate Plymouth Boot Screen.
[   11.215689] cloud-init[957]: |       oo.o * = E|
[[0;32m  OK  [0m] Started Hold until boot process finishes up.
[   11.220607] cloud-init[957]: |      .  ..o . ==|
[   11.242097] [[0;32m  OK  [0m] Started Serial Getty on ttyS0.
[[0;32m  OK  [0m] Started Getty on tty1.
[[0;32m  OK  [0m] Reached target Login Prompts.
         Starting Set console scheme...
cloud-init[957]: +----[SHA256]-----+
[[0;32m  OK  [0m] Started Set console scheme.
[   11.296015] cloud-init[957]: Generating public/private dsa key pair.
[[0;32m  OK  [0m] Started LSB: daemon to balance interrupts for SMP systems.
[   11.299214] cloud-init[957]: Your identification has been saved in /etc/ssh/ssh_host_dsa_key.
[[0;32m  OK  [0m] Started LSB: automatic crash report generation.
[   11.312676] cloud-init[957]: Your public key has been saved in /etc/ssh/ssh_host_dsa_key.pub.
[   11.317617] cloud-init[957]: The key fingerprint is:
[   11.322164] cloud-init[957]: SHA256:kqpe/GhY/Qpvrt5dxJ7KNL4TL5iRlH4Geqg8Goa4GBE root@ubuntu-xenial
[   11.337412] cloud-init[957]: The key's randomart image is:
[   11.338861] cloud-init[957]: +---[DSA 1024]----+
[   11.340339] cloud-init[957]: |                 |
[   11.341667] cloud-init[957]: |                 |
[   11.343257] cloud-init[957]: |E      .         |
[   11.345123] cloud-init[957]: | .    +. .       |
[   11.346435] cloud-init[957]: |.    *ooS o      |
[   11.347716] cloud-init[957]: |o. .+.*.+o .     |
[   11.349060] cloud-init[957]: |=o +=. Boo+      |
[   11.350372] cloud-init[957]: |o+=o.*+=++.      |
[   11.351688] cloud-init[957]: |+oo+++*.*+       |
[   11.353017] cloud-init[957]: +----[SHA256]-----+
[   11.354493] cloud-init[957]: Generating public/private ecdsa key pair.
[   11.356219] cloud-init[957]: Your identification has been saved in /etc/ssh/ssh_host_ecdsa_key.
[   11.357959] cloud-init[957]: Your public key has been saved in /etc/ssh/ssh_host_ecdsa_key.pub.
[   11.359663] cloud-init[957]: The key fingerprint is:
[   11.361104] cloud-init[957]: SHA256:NokADI0IvGCZnxBRLs2W0Uznh0PCXuTgLzgYon7pAyo root@ubuntu-xenial
[   11.363315] cloud-init[957]: The key's randomart image is:
[   11.365085] cloud-init[957]: +---[ECDSA 256]---+
[   11.366403] cloud-init[957]: |*BBo=+.+         |
[   11.367869] cloud-init[957]: |+**.++B..        |
[   11.369227] cloud-init[957]: |+o+*+..= .       |
[   11.370575] cloud-init[957]: |o.=o.o..o.       |
[   11.371860] cloud-init[957]: |.. o ...S        |
[   11.373189] cloud-init[957]: |..  o .. .       |
[   11.374467] cloud-init[957]: |...o             |
[   11.375766] cloud-init[957]: |E o.             |
[   11.377113] cloud-init[957]: |.  ..            |
[   11.391400] cloud-init[957]: +----[SHA256]-----+
[   11.393173] cloud-init[957]: Generating public/private ed25519 key pair.
[   11.395044] cloud-init[957]: Your identification has been saved in /etc/ssh/ssh_host_ed25519_key.
[   11.397246] cloud-init[957]: Your public key has been saved in /etc/ssh/ssh_host_ed25519_key.pub.
[   11.399322] cloud-init[957]: The key fingerprint is:
[   11.415856] cloud-init[957]: SHA256:nWkxxFzsVR11PSZGpBql/7Cw/KL7yBhfgIvcEeOsjxE root@ubuntu-xenial
[   11.425469] cloud-init[957]: The key's randomart image is:
[   11.427408] cloud-init[957]: +--[ED25519 256]--+
[   11.428867] cloud-init[957]: |         o.++o oO|
[   11.431243] cloud-init[957]: |         .= oo.o+|
[   11.433319] cloud-init[957]: |     o   ooo..o .|
[   11.435148] cloud-init[957]: |    o +  .+=.    |
[   11.436976] cloud-init[957]: |   E = .So=o     |
[   11.438857] cloud-init[957]: |  . = o o.o +    |
[   11.441542] cloud-init[957]: |   = +   + . .   |
[   11.444323] cloud-init[957]: |    + = o..      |
[   11.450197] cloud-init[957]: |   . o *+...     |
[   11.451954] cloud-init[957]: +----[SHA256]-----+
[[0;32m  OK  [0m] Started Pollinate to seed the pseudo random number generator.
         Starting OpenBSD Secure Shell server...
[[0;32m  OK  [0m] Started OpenBSD Secure Shell server.
[[0;32m  OK  [0m] Created slice User Slice of vagrant.
         Starting User Manager for UID 1000...
[[0;32m  OK  [0m] Started Session 1 of user vagrant.
[[0;32m  OK  [0m] Started User Manager for UID 1000.

Ubuntu 16.04.6 LTS ubuntu-xenial ttyS0

ubuntu-xenial login: [   20.325066] cloud-init[1534]: Generating locales (this might take a while)...
[   21.074869] cloud-init[1534]:   en_US.UTF-8... done
[   21.076240] cloud-init[1534]: Generation complete.
[   21.370529] cloud-init[1534]: Cloud-init v. 18.5-45-g3554ffe8-0ubuntu1~16.04.1 running 'modules:config' at Tue, 21 May 2019 10:18:51 +0000. Up 20.22 seconds.
ci-info: no authorized ssh keys fingerprints found for user ubuntu.
<14>May 21 10:18:53 ec2: 
<14>May 21 10:18:53 ec2: #############################################################
<14>May 21 10:18:53 ec2: -----BEGIN SSH HOST KEY FINGERPRINTS-----
<14>May 21 10:18:53 ec2: 1024 SHA256:kqpe/GhY/Qpvrt5dxJ7KNL4TL5iRlH4Geqg8Goa4GBE root@ubuntu-xenial (DSA)
<14>May 21 10:18:53 ec2: 256 SHA256:NokADI0IvGCZnxBRLs2W0Uznh0PCXuTgLzgYon7pAyo root@ubuntu-xenial (ECDSA)
<14>May 21 10:18:53 ec2: 256 SHA256:nWkxxFzsVR11PSZGpBql/7Cw/KL7yBhfgIvcEeOsjxE root@ubuntu-xenial (ED25519)
<14>May 21 10:18:53 ec2: 2048 SHA256:s1o/KVlfMIV9ifkA5lRX7m29QblztWrjGBx/5vtmfPA root@ubuntu-xenial (RSA)
<14>May 21 10:18:53 ec2: -----END SSH HOST KEY FINGERPRINTS-----
<14>May 21 10:18:53 ec2: #############################################################
-----BEGIN SSH HOST KEY KEYS-----
ecdsa-sha2-nistp256 AAAAE2VjZHNhLXNoYTItbmlzdHAyNTYAAAAIbmlzdHAyNTYAAABBBOXCViQrbF4SwaoweOW7g9KWSwYmHIr8sSThW5jhnB58FZPhrENvGHqTfoqF4BqN7RG4k+MsQG21SRttPAjEYm0= root@ubuntu-xenial
ssh-ed25519 AAAAC3NzaC1lZDI1NTE5AAAAIA0Se7RrGXun+5qf19iqCJJYiegYpzfHNd9RXtNPW0Ul root@ubuntu-xenial
ssh-rsa AAAAB3NzaC1yc2EAAAADAQABAAABAQCqTzU7m1VWmIgQGVFqBTtH6KVt7+VqfvJXMo2FPjUI/yf8T5YsfS5ASTiNLyT/26z13WncEko/vOSvOr0cF9Tz78V328jmfjlJruQZwELj9PUA4JFuW7j4t7/UD5Z77iCGyFTLlfVfEmlDf+q2y0CyKnfCbuxHEWjp0/j8hwZaV0+KywQLXar5LUiYN706FGoBgP2qsZIukm42TD6jLHNDZw9WCbz8Z4hoR8IV0GpJ3GJqbNLnwgBTnOKM+YwSigeJpkFux+1LwUgbL+uBzuAthMDJtlXBPmDO0u+NLWX57XH/8aKRFrC6HTqki5pNFRUghbfXC63x82+MArcmBIyN root@ubuntu-xenial
-----END SSH HOST KEY KEYS-----
[   21.929684] cloud-init[1592]: Cloud-init v. 18.5-45-g3554ffe8-0ubuntu1~16.04.1 running 'modules:final' at Tue, 21 May 2019 10:18:53 +0000. Up 21.76 seconds.
[   21.929867] cloud-init[1592]: ci-info: no authorized ssh keys fingerprints found for user ubuntu.
[   21.929978] cloud-init[1592]: Cloud-init v. 18.5-45-g3554ffe8-0ubuntu1~16.04.1 finished at Tue, 21 May 2019 10:18:53 +0000. Datasource DataSourceNoCloud [seed=/dev/sdb][dsmode=net].  Up 21.91 seconds
